// Jest Snapshot v1, https://goo.gl/fbAQLP

exports[`packetParserV2 suite test should accept a buffer valid from forza horizon 5 1`] = `
Object {
  "key": "fh_1487076708000",
  "message": Object {
    "Accel": 0,
    "AccelerationX": 0.32059910893440247,
    "AccelerationY": -0.10756511241197586,
    "AccelerationZ": -1.0885339975357056,
    "AngularVelocityX": 0.02106855809688568,
    "AngularVelocityY": 0.0006107573281042278,
    "AngularVelocityZ": -0.3088374435901642,
    "BestLap": 0,
    "Boost": -11.02499771118164,
    "Brake": 0,
    "CarClass": 4,
    "CarOrdinal": 3370,
    "CarPerformanceIndex": 824,
    "Clutch": 0,
    "CurrentEngineRpm": 4716.025390625,
    "CurrentLap": 0,
    "CurrentRaceTime": 157.21961975097656,
    "DistanceTraveled": 0,
    "DrivetrainType": 2,
    "EngineIdleRpm": 1164.5504150390625,
    "EngineMaxRpm": 7999.9951171875,
    "Fuel": 0.9611140489578247,
    "Gear": 3,
    "HandBrake": 0,
    "IsRaceOn": 1,
    "LapNumber": 0,
    "LastLap": 0,
    "NormalizedAIBrakeDifference": 0,
    "NormalizedDrivingLine": -127,
    "NormalizedSuspensionTravelFrontLeft": 0.5208348631858826,
    "NormalizedSuspensionTravelFrontRight": 0.46942394971847534,
    "NormalizedSuspensionTravelRearLeft": 0.49331429600715637,
    "NormalizedSuspensionTravelRearRight": 0.4451616406440735,
    "NumCylinders": 4,
    "Pitch": 0.003034312045201659,
    "PositionX": 3739.8037109375,
    "PositionY": 181.61166381835938,
    "PositionZ": 1938.790771484375,
    "Power": -19237.126953125,
    "RacePosition": 0,
    "Roll": -0.008117745630443096,
    "Speed": 24.251813888549805,
    "Steer": 0,
    "SurfaceRumbleFrontLeft": 0.5999999642372131,
    "SurfaceRumbleFrontRight": 0.5999999642372131,
    "SurfaceRumbleRearLeft": 0.5999999642372131,
    "SurfaceRumbleRearRight": 0.5999999642372131,
    "SuspensionTravelMetersFrontLeft": 0.01195584237575531,
    "SuspensionTravelMetersFrontRight": 0.0025093555450439453,
    "SuspensionTravelMetersRearLeft": 0.014685623347759247,
    "SuspensionTravelMetersRearRight": 0.006577812135219574,
    "TimestampMS": 63690234,
    "TireCombinedSlipFrontLeft": 0.022434085607528687,
    "TireCombinedSlipFrontRight": 0.01577761583030224,
    "TireCombinedSlipRearLeft": 0.025202274322509766,
    "TireCombinedSlipRearRight": 0.02932017482817173,
    "TireSlipAngleFrontLeft": 0.02191019058227539,
    "TireSlipAngleFrontRight": 0.015027469955384731,
    "TireSlipAngleRearLeft": 0.019146492704749107,
    "TireSlipAngleRearRight": 0.018504463136196136,
    "TireSlipRatioFrontLeft": -0.004819928202778101,
    "TireSlipRatioFrontRight": -0.004807112738490105,
    "TireSlipRatioRearLeft": -0.016387997195124626,
    "TireSlipRatioRearRight": -0.02274329401552677,
    "TireTempFrontLeft": 173.82308959960938,
    "TireTempFrontRight": 172.6209716796875,
    "TireTempRearLeft": 168.42881774902344,
    "TireTempRearRight": 168.42881774902344,
    "Torque": -38.97298812866211,
    "VelocityX": 0.017267227172851562,
    "VelocityY": 0.11194963753223419,
    "VelocityZ": 24.251548767089844,
    "WheelInPuddleDepthFrontLeft": 0,
    "WheelInPuddleDepthFrontRight": 0,
    "WheelInPuddleDepthRearLeft": 0,
    "WheelInPuddleDepthRearRight": 0,
    "WheelOnRumbleStripFrontLeft": 0,
    "WheelOnRumbleStripFrontRight": 0,
    "WheelOnRumbleStripRearLeft": 0,
    "WheelOnRumbleStripRearRight": 0,
    "WheelRotationSpeedFrontLeft": 74.08146667480469,
    "WheelRotationSpeedFrontRight": 74.11287689208984,
    "WheelRotationSpeedRearLeft": 73.84416198730469,
    "WheelRotationSpeedRearRight": 73.82879638671875,
    "Yaw": -2.169477701187134,
    "id": "fh_1487076708000",
  },
  "timestamp": 1487076708000,
  "topic": "FH",
}
`;
